This is pdfTeX, Version 3.141592653-2.6-1.40.28 (MiKTeX 25.12) (preloaded format=pdflatex 2026.3.6)  25 MAY 2026 15:17
entering extended mode
 restricted \write18 enabled.
 %&-line parsing enabled.
**./main.tex
(main.tex
LaTeX2e <2025-11-01>
L3 programming layer <2025-12-24>

(C:\Users\heitorhog\AppData\Local\Programs\MiKTeX\tex/latex/elsarticle\elsartic
le.cls
Document Class: elsarticle 2025/01/11, 3.4c: Elsevier Ltd
(C:\Users\heitorhog\AppData\Local\Programs\MiKTeX\tex/latex/base\fontenc.sty
Package: fontenc 2025/07/18 v2.1d Standard LaTeX package
)
(C:\Users\heitorhog\AppData\Local\Programs\MiKTeX\tex/latex/l3kernel\expl3.sty
Package: expl3 2025-12-24 L3 programming layer (loader) 

(C:\Users\heitorhog\AppData\Local\Programs\MiKTeX\tex/latex/l3backend\l3backend
-pdftex.def
File: l3backend-pdftex.def 2025-10-09 L3 backend support: PDF output (pdfTeX)
\l__color_backend_stack_int=\count275
))
(C:\Users\heitorhog\AppData\Local\Programs\MiKTeX\tex/latex/l3packages/xparse\x
parse.sty
Package: xparse 2025-10-09 L3 Experimental document command parser
)
(C:\Users\heitorhog\AppData\Local\Programs\MiKTeX\tex/latex/etoolbox\etoolbox.s
ty
Package: etoolbox 2025/10/02 v2.5m e-TeX tools for LaTeX (JAW)
\etb@tempcnta=\count276
)
\@bls=\dimen148

(C:\Users\heitorhog\AppData\Local\Programs\MiKTeX\tex/latex/base\article.cls
Document Class: article 2025/01/22 v1.4n Standard LaTeX document class
(C:\Users\heitorhog\AppData\Local\Programs\MiKTeX\tex/latex/base\size12.clo
File: size12.clo 2025/01/22 v1.4n Standard LaTeX file (size option)
)
\c@part=\count277
\c@section=\count278
\c@subsection=\count279
\c@subsubsection=\count280
\c@paragraph=\count281
\c@subparagraph=\count282
\c@figure=\count283
\c@table=\count284
\abovecaptionskip=\skip49
\belowcaptionskip=\skip50
\bibindent=\dimen149
)
(C:\Users\heitorhog\AppData\Local\Programs\MiKTeX\tex/latex/graphics\graphicx.s
ty
Package: graphicx 2024/12/31 v1.2e Enhanced LaTeX Graphics (DPC,SPQR)

(C:\Users\heitorhog\AppData\Local\Programs\MiKTeX\tex/latex/graphics\keyval.sty
Package: keyval 2022/05/29 v1.15 key=value parser (DPC)
\KV@toks@=\toks17
)
(C:\Users\heitorhog\AppData\Local\Programs\MiKTeX\tex/latex/graphics\graphics.s
ty
Package: graphics 2024/08/06 v1.4g Standard LaTeX Graphics (DPC,SPQR)

(C:\Users\heitorhog\AppData\Local\Programs\MiKTeX\tex/latex/graphics\trig.sty
Package: trig 2023/12/02 v1.11 sin cos tan (DPC)
)
(C:\Users\heitorhog\AppData\Local\Programs\MiKTeX\tex/latex/graphics-cfg\graphi
cs.cfg
File: graphics.cfg 2016/06/04 v1.11 sample graphics configuration
)
Package graphics Info: Driver file: pdftex.def on input line 106.

(C:\Users\heitorhog\AppData\Local\Programs\MiKTeX\tex/latex/graphics-def\pdftex
.def
File: pdftex.def 2025/09/29 v1.2d Graphics/color driver for pdftex
))
\Gin@req@height=\dimen150
\Gin@req@width=\dimen151
)
\c@tnote=\count285
\c@fnote=\count286
\c@cnote=\count287
\c@ead=\count288
\c@elsarticle@author=\count289
\@eadauthor=\toks18
\c@affn=\count290
\absbox=\box53
\elsarticlehighlightsbox=\box54
\elsarticlegrabsbox=\box55
\keybox=\box56
\Columnwidth=\dimen152
\space@left=\dimen153
\els@boxa=\box57
\els@boxb=\box58
\leftMargin=\dimen154
\@enLab=\toks19
\@sep=\skip51
\@@sep=\skip52
 (main.spl)
(C:\Users\heitorhog\AppData\Local\Programs\MiKTeX\tex/latex/natbib\natbib.sty
Package: natbib 2010/09/13 8.31b (PWD, AO)
\bibhang=\skip53
\bibsep=\skip54
LaTeX Info: Redefining \cite on input line 694.
\c@NAT@ctr=\count291
)
\splwrite=\write3
\openout3 = `main.spl'.

\appnamewidth=\dimen155
)
(C:\Users\heitorhog\AppData\Local\Programs\MiKTeX\tex/latex/amsmath\amsmath.sty
Package: amsmath 2025/07/09 v2.17z AMS math features
\@mathmargin=\skip55
For additional information on amsmath, use the `?' option.

(C:\Users\heitorhog\AppData\Local\Programs\MiKTeX\tex/latex/amsmath\amstext.sty
Package: amstext 2024/11/17 v2.01 AMS text
(C:\Users\heitorhog\AppData\Local\Programs\MiKTeX\tex/latex/amsmath\amsgen.sty
File: amsgen.sty 1999/11/30 v2.0 generic functions
\@emptytoks=\toks20
\ex@=\dimen156
))
(C:\Users\heitorhog\AppData\Local\Programs\MiKTeX\tex/latex/amsmath\amsbsy.sty
Package: amsbsy 1999/11/29 v1.2d Bold Symbols
\pmbraise@=\dimen157
) (C:\Users\heitorhog\AppData\Local\Programs\MiKTeX\tex/latex/amsmath\amsopn.st
y
Package: amsopn 2022/04/08 v2.04 operator names
)
\inf@bad=\count292
LaTeX Info: Redefining \frac on input line 233.
\uproot@=\count293
\leftroot@=\count294
LaTeX Info: Redefining \overline on input line 398.
LaTeX Info: Redefining \colon on input line 409.
\classnum@=\count295
\DOTSCASE@=\count296
LaTeX Info: Redefining \ldots on input line 495.
LaTeX Info: Redefining \dots on input line 498.
LaTeX Info: Redefining \cdots on input line 619.
\Mathstrutbox@=\box59
\strutbox@=\box60
LaTeX Info: Redefining \big on input line 721.
LaTeX Info: Redefining \Big on input line 722.
LaTeX Info: Redefining \bigg on input line 723.
LaTeX Info: Redefining \Bigg on input line 724.
\big@size=\dimen158
LaTeX Font Info:    Redeclaring font encoding OML on input line 742.
LaTeX Font Info:    Redeclaring font encoding OMS on input line 743.
\macc@depth=\count297
LaTeX Info: Redefining \bmod on input line 904.
LaTeX Info: Redefining \pmod on input line 909.
LaTeX Info: Redefining \smash on input line 939.
LaTeX Info: Redefining \relbar on input line 969.
LaTeX Info: Redefining \Relbar on input line 970.
\c@MaxMatrixCols=\count298
\dotsspace@=\muskip17
\c@parentequation=\count299
\dspbrk@lvl=\count300
\tag@help=\toks21
\row@=\count301
\column@=\count302
\maxfields@=\count303
\andhelp@=\toks22
\eqnshift@=\dimen159
\alignsep@=\dimen160
\tagshift@=\dimen161
\tagwidth@=\dimen162
\totwidth@=\dimen163
\lineht@=\dimen164
\@envbody=\toks23
\multlinegap=\skip56
\multlinetaggap=\skip57
\mathdisplay@stack=\toks24
LaTeX Info: Redefining \[ on input line 2950.
LaTeX Info: Redefining \] on input line 2951.
)
(C:\Users\heitorhog\AppData\Local\Programs\MiKTeX\tex/latex/amsfonts\amssymb.st
y
Package: amssymb 2013/01/14 v3.01 AMS font symbols

(C:\Users\heitorhog\AppData\Local\Programs\MiKTeX\tex/latex/amsfonts\amsfonts.s
ty
Package: amsfonts 2013/01/14 v3.01 Basic AMSFonts support
\symAMSa=\mathgroup4
\symAMSb=\mathgroup5
LaTeX Font Info:    Redeclaring math symbol \hbar on input line 98.
LaTeX Font Info:    Overwriting math alphabet `\mathfrak' in version `bold'
(Font)                  U/euf/m/n --> U/euf/b/n on input line 106.
))
(C:\Users\heitorhog\AppData\Local\Programs\MiKTeX\tex/generic/babel\babel.sty
Package: babel 2025/12/11 v25.17 The multilingual framework for LuaLaTeX, pdfLa
TeX and XeLaTeX
\babel@savecnt=\count304
LaTeX Encoding Info:    Redeclaring text command \ij (encoding OT1) on input li
ne 2068.
LaTeX Encoding Info:    Redeclaring text command \IJ (encoding OT1) on input li
ne 2070.
LaTeX Encoding Info:    Redeclaring text command \ij (encoding T1) on input lin
e 2072.
LaTeX Encoding Info:    Redeclaring text command \IJ (encoding T1) on input lin
e 2073.
LaTeX Encoding Info:    Ignoring declaration for text command \ij (encoding ?) 
on input line 2074.
LaTeX Encoding Info:    Ignoring declaration for text command \IJ (encoding ?) 
on input line 2076.
LaTeX Encoding Info:    Ignoring declaration for text command \SS (encoding ?) 
on input line 2101.
\U@D=\dimen165
\l@unhyphenated=\language79

(C:\Users\heitorhog\AppData\Local\Programs\MiKTeX\tex/generic/babel\txtbabel.de
f)
\bbl@readstream=\read2
\bbl@dirlevel=\count305
Package babel Info: Configuration files are deprecated, as
(babel)             they can break document portability.
(babel)             Reported on input line 4196.

*************************************
* Local config file bblopts.cfg used
*
(C:\Users\heitorhog\AppData\Local\Programs\MiKTeX\tex/latex/arabi\bblopts.cfg
File: bblopts.cfg 2005/09/08 v0.1 add Arabic and Farsi to "declared" options of
 babel
)
(C:\Users\heitorhog\AppData\Local\Programs\MiKTeX\tex/generic/babel/locale/en\b
abel-ukenglish.tex)
Package babel Info: Importing font and identification data for UKenglish
(babel)             from babel-en-GB.ini. Reported on input line 4320.

(C:\Users\heitorhog\AppData\Local\Programs\MiKTeX\tex/latex/babel-english\UKeng
lish.ldf
Language: UKenglish 2017/06/06 v3.3r English support from the babel system

(C:\Users\heitorhog\AppData\Local\Programs\MiKTeX\tex/latex/babel-english\engli
sh.ldf
Language: english 2017/06/06 v3.3r English support from the babel system
Package babel Info: Hyphen rules for 'canadian' set to \l@english
(babel)             (\language0). Reported on input line 102.
Package babel Info: Hyphen rules for 'australian' set to \l@ukenglish
(babel)             (\language73). Reported on input line 105.
Package babel Info: Hyphen rules for 'newzealand' set to \l@ukenglish
(babel)             (\language73). Reported on input line 108.
)))
(C:\Users\heitorhog\AppData\Local\Programs\MiKTeX\tex/latex/booktabs\booktabs.s
ty
Package: booktabs 2020/01/12 v1.61803398 Publication quality tables
\heavyrulewidth=\dimen166
\lightrulewidth=\dimen167
\cmidrulewidth=\dimen168
\belowrulesep=\dimen169
\belowbottomsep=\dimen170
\aboverulesep=\dimen171
\abovetopsep=\dimen172
\cmidrulesep=\dimen173
\cmidrulekern=\dimen174
\defaultaddspace=\dimen175
\@cmidla=\count306
\@cmidlb=\count307
\@aboverulesep=\dimen176
\@belowrulesep=\dimen177
\@thisruleclass=\count308
\@lastruleclass=\count309
\@thisrulewidth=\dimen178
) (C:\Users\heitorhog\AppData\Local\Programs\MiKTeX\tex/latex/tools\array.sty
Package: array 2025/09/25 v2.6n Tabular extension package (FMi)
\col@sep=\dimen179
\ar@mcellbox=\box61
\extrarowheight=\dimen180
\NC@list=\toks25
\extratabsurround=\skip58
\backup@length=\skip59
\ar@cellbox=\box62
)
(C:\Users\heitorhog\AppData\Local\Programs\MiKTeX\tex/latex/pgf/frontendlayer\t
ikz.sty
(C:\Users\heitorhog\AppData\Local\Programs\MiKTeX\tex/latex/pgf/basiclayer\pgf.
sty
(C:\Users\heitorhog\AppData\Local\Programs\MiKTeX\tex/latex/pgf/utilities\pgfrc
s.sty
(C:\Users\heitorhog\AppData\Local\Programs\MiKTeX\tex/generic/pgf/utilities\pgf
util-common.tex
\pgfutil@everybye=\toks26
\pgfutil@tempdima=\dimen181
\pgfutil@tempdimb=\dimen182
)
(C:\Users\heitorhog\AppData\Local\Programs\MiKTeX\tex/generic/pgf/utilities\pgf
util-latex.def
\pgfutil@abb=\box63
)
(C:\Users\heitorhog\AppData\Local\Programs\MiKTeX\tex/generic/pgf/utilities\pgf
rcs.code.tex
(C:\Users\heitorhog\AppData\Local\Programs\MiKTeX\tex/generic/pgf\pgf.revision.
tex)
Package: pgfrcs 2025-08-29 v3.1.11a (3.1.11a)
))
Package: pgf 2025-08-29 v3.1.11a (3.1.11a)

(C:\Users\heitorhog\AppData\Local\Programs\MiKTeX\tex/latex/pgf/basiclayer\pgfc
ore.sty
(C:\Users\heitorhog\AppData\Local\Programs\MiKTeX\tex/latex/pgf/systemlayer\pgf
sys.sty
(C:\Users\heitorhog\AppData\Local\Programs\MiKTeX\tex/generic/pgf/systemlayer\p
gfsys.code.tex
Package: pgfsys 2025-08-29 v3.1.11a (3.1.11a)

(C:\Users\heitorhog\AppData\Local\Programs\MiKTeX\tex/generic/pgf/utilities\pgf
keys.code.tex
\pgfkeys@pathtoks=\toks27
\pgfkeys@temptoks=\toks28

(C:\Users\heitorhog\AppData\Local\Programs\MiKTeX\tex/generic/pgf/utilities\pgf
keyslibraryfiltered.code.tex
\pgfkeys@tmptoks=\toks29
))
\pgf@x=\dimen183
\pgf@y=\dimen184
\pgf@xa=\dimen185
\pgf@ya=\dimen186
\pgf@xb=\dimen187
\pgf@yb=\dimen188
\pgf@xc=\dimen189
\pgf@yc=\dimen190
\pgf@xd=\dimen191
\pgf@yd=\dimen192
\w@pgf@writea=\write4
\r@pgf@reada=\read3
\c@pgf@counta=\count310
\c@pgf@countb=\count311
\c@pgf@countc=\count312
\c@pgf@countd=\count313
\t@pgf@toka=\toks30
\t@pgf@tokb=\toks31
\t@pgf@tokc=\toks32
\pgf@sys@id@count=\count314

(C:\Users\heitorhog\AppData\Local\Programs\MiKTeX\tex/generic/pgf/systemlayer\p
gf.cfg
File: pgf.cfg 2025-08-29 v3.1.11a (3.1.11a)
)
Driver file for pgf: pgfsys-pdftex.def

(C:\Users\heitorhog\AppData\Local\Programs\MiKTeX\tex/generic/pgf/systemlayer\p
gfsys-pdftex.def
File: pgfsys-pdftex.def 2025-08-29 v3.1.11a (3.1.11a)

(C:\Users\heitorhog\AppData\Local\Programs\MiKTeX\tex/generic/pgf/systemlayer\p
gfsys-common-pdf.def
File: pgfsys-common-pdf.def 2025-08-29 v3.1.11a (3.1.11a)
)))
(C:\Users\heitorhog\AppData\Local\Programs\MiKTeX\tex/generic/pgf/systemlayer\p
gfsyssoftpath.code.tex
File: pgfsyssoftpath.code.tex 2025-08-29 v3.1.11a (3.1.11a)
\pgfsyssoftpath@smallbuffer@items=\count315
\pgfsyssoftpath@bigbuffer@items=\count316
)
(C:\Users\heitorhog\AppData\Local\Programs\MiKTeX\tex/generic/pgf/systemlayer\p
gfsysprotocol.code.tex
File: pgfsysprotocol.code.tex 2025-08-29 v3.1.11a (3.1.11a)
))
(C:\Users\heitorhog\AppData\Local\Programs\MiKTeX\tex/latex/xcolor\xcolor.sty
Package: xcolor 2024/09/29 v3.02 LaTeX color extensions (UK)

(C:\Users\heitorhog\AppData\Local\Programs\MiKTeX\tex/latex/graphics-cfg\color.
cfg
File: color.cfg 2016/01/02 v1.6 sample color configuration
)
Package xcolor Info: Driver file: pdftex.def on input line 274.

(C:\Users\heitorhog\AppData\Local\Programs\MiKTeX\tex/latex/graphics\mathcolor.
ltx)
Package xcolor Info: Model `cmy' substituted by `cmy0' on input line 1349.
Package xcolor Info: Model `hsb' substituted by `rgb' on input line 1353.
Package xcolor Info: Model `RGB' extended on input line 1365.
Package xcolor Info: Model `HTML' substituted by `rgb' on input line 1367.
Package xcolor Info: Model `Hsb' substituted by `hsb' on input line 1368.
Package xcolor Info: Model `tHsb' substituted by `hsb' on input line 1369.
Package xcolor Info: Model `HSB' substituted by `hsb' on input line 1370.
Package xcolor Info: Model `Gray' substituted by `gray' on input line 1371.
Package xcolor Info: Model `wave' substituted by `hsb' on input line 1372.
)
(C:\Users\heitorhog\AppData\Local\Programs\MiKTeX\tex/generic/pgf/basiclayer\pg
fcore.code.tex
Package: pgfcore 2025-08-29 v3.1.11a (3.1.11a)

(C:\Users\heitorhog\AppData\Local\Programs\MiKTeX\tex/generic/pgf/math\pgfmath.
code.tex
(C:\Users\heitorhog\AppData\Local\Programs\MiKTeX\tex/generic/pgf/math\pgfmathu
til.code.tex)
(C:\Users\heitorhog\AppData\Local\Programs\MiKTeX\tex/generic/pgf/math\pgfmathp
arser.code.tex
\pgfmath@dimen=\dimen193
\pgfmath@count=\count317
\pgfmath@box=\box64
\pgfmath@toks=\toks33
\pgfmath@stack@operand=\toks34
\pgfmath@stack@operation=\toks35
)
(C:\Users\heitorhog\AppData\Local\Programs\MiKTeX\tex/generic/pgf/math\pgfmathf
unctions.code.tex)
(C:\Users\heitorhog\AppData\Local\Programs\MiKTeX\tex/generic/pgf/math\pgfmathf
unctions.basic.code.tex)
(C:\Users\heitorhog\AppData\Local\Programs\MiKTeX\tex/generic/pgf/math\pgfmathf
unctions.trigonometric.code.tex)
(C:\Users\heitorhog\AppData\Local\Programs\MiKTeX\tex/generic/pgf/math\pgfmathf
unctions.random.code.tex)
(C:\Users\heitorhog\AppData\Local\Programs\MiKTeX\tex/generic/pgf/math\pgfmathf
unctions.comparison.code.tex)
(C:\Users\heitorhog\AppData\Local\Programs\MiKTeX\tex/generic/pgf/math\pgfmathf
unctions.base.code.tex)
(C:\Users\heitorhog\AppData\Local\Programs\MiKTeX\tex/generic/pgf/math\pgfmathf
unctions.round.code.tex)
(C:\Users\heitorhog\AppData\Local\Programs\MiKTeX\tex/generic/pgf/math\pgfmathf
unctions.misc.code.tex)
(C:\Users\heitorhog\AppData\Local\Programs\MiKTeX\tex/generic/pgf/math\pgfmathf
unctions.integerarithmetics.code.tex)
(C:\Users\heitorhog\AppData\Local\Programs\MiKTeX\tex/generic/pgf/math\pgfmathc
alc.code.tex)
(C:\Users\heitorhog\AppData\Local\Programs\MiKTeX\tex/generic/pgf/math\pgfmathf
loat.code.tex
\c@pgfmathroundto@lastzeros=\count318
))
(C:\Users\heitorhog\AppData\Local\Programs\MiKTeX\tex/generic/pgf/math\pgfint.c
ode.tex)
(C:\Users\heitorhog\AppData\Local\Programs\MiKTeX\tex/generic/pgf/basiclayer\pg
fcorepoints.code.tex
File: pgfcorepoints.code.tex 2025-08-29 v3.1.11a (3.1.11a)
\pgf@picminx=\dimen194
\pgf@picmaxx=\dimen195
\pgf@picminy=\dimen196
\pgf@picmaxy=\dimen197
\pgf@pathminx=\dimen198
\pgf@pathmaxx=\dimen199
\pgf@pathminy=\dimen256
\pgf@pathmaxy=\dimen257
\pgf@xx=\dimen258
\pgf@xy=\dimen259
\pgf@yx=\dimen260
\pgf@yy=\dimen261
\pgf@zx=\dimen262
\pgf@zy=\dimen263
)
(C:\Users\heitorhog\AppData\Local\Programs\MiKTeX\tex/generic/pgf/basiclayer\pg
fcorepathconstruct.code.tex
File: pgfcorepathconstruct.code.tex 2025-08-29 v3.1.11a (3.1.11a)
\pgf@path@lastx=\dimen264
\pgf@path@lasty=\dimen265
)
(C:\Users\heitorhog\AppData\Local\Programs\MiKTeX\tex/generic/pgf/basiclayer\pg
fcorepathusage.code.tex
File: pgfcorepathusage.code.tex 2025-08-29 v3.1.11a (3.1.11a)
\pgf@shorten@end@additional=\dimen266
\pgf@shorten@start@additional=\dimen267
)
(C:\Users\heitorhog\AppData\Local\Programs\MiKTeX\tex/generic/pgf/basiclayer\pg
fcorescopes.code.tex
File: pgfcorescopes.code.tex 2025-08-29 v3.1.11a (3.1.11a)
\pgfpic=\box65
\pgf@hbox=\box66
\pgf@layerbox@main=\box67
\pgf@picture@serial@count=\count319
)
(C:\Users\heitorhog\AppData\Local\Programs\MiKTeX\tex/generic/pgf/basiclayer\pg
fcoregraphicstate.code.tex
File: pgfcoregraphicstate.code.tex 2025-08-29 v3.1.11a (3.1.11a)
\pgflinewidth=\dimen268
)
(C:\Users\heitorhog\AppData\Local\Programs\MiKTeX\tex/generic/pgf/basiclayer\pg
fcoretransformations.code.tex
File: pgfcoretransformations.code.tex 2025-08-29 v3.1.11a (3.1.11a)
\pgf@pt@x=\dimen269
\pgf@pt@y=\dimen270
\pgf@pt@temp=\dimen271
)
(C:\Users\heitorhog\AppData\Local\Programs\MiKTeX\tex/generic/pgf/basiclayer\pg
fcorequick.code.tex
File: pgfcorequick.code.tex 2025-08-29 v3.1.11a (3.1.11a)
)
(C:\Users\heitorhog\AppData\Local\Programs\MiKTeX\tex/generic/pgf/basiclayer\pg
fcoreobjects.code.tex
File: pgfcoreobjects.code.tex 2025-08-29 v3.1.11a (3.1.11a)
)
(C:\Users\heitorhog\AppData\Local\Programs\MiKTeX\tex/generic/pgf/basiclayer\pg
fcorepathprocessing.code.tex
File: pgfcorepathprocessing.code.tex 2025-08-29 v3.1.11a (3.1.11a)
)
(C:\Users\heitorhog\AppData\Local\Programs\MiKTeX\tex/generic/pgf/basiclayer\pg
fcorearrows.code.tex
File: pgfcorearrows.code.tex 2025-08-29 v3.1.11a (3.1.11a)
\pgfarrowsep=\dimen272
)
(C:\Users\heitorhog\AppData\Local\Programs\MiKTeX\tex/generic/pgf/basiclayer\pg
fcoreshade.code.tex
File: pgfcoreshade.code.tex 2025-08-29 v3.1.11a (3.1.11a)
\pgf@max=\dimen273
\pgf@sys@shading@range@num=\count320
\pgf@shadingcount=\count321
)
(C:\Users\heitorhog\AppData\Local\Programs\MiKTeX\tex/generic/pgf/basiclayer\pg
fcoreimage.code.tex
File: pgfcoreimage.code.tex 2025-08-29 v3.1.11a (3.1.11a)
)
(C:\Users\heitorhog\AppData\Local\Programs\MiKTeX\tex/generic/pgf/basiclayer\pg
fcoreexternal.code.tex
File: pgfcoreexternal.code.tex 2025-08-29 v3.1.11a (3.1.11a)
\pgfexternal@startupbox=\box68
)
(C:\Users\heitorhog\AppData\Local\Programs\MiKTeX\tex/generic/pgf/basiclayer\pg
fcorelayers.code.tex
File: pgfcorelayers.code.tex 2025-08-29 v3.1.11a (3.1.11a)
)
(C:\Users\heitorhog\AppData\Local\Programs\MiKTeX\tex/generic/pgf/basiclayer\pg
fcoretransparency.code.tex
File: pgfcoretransparency.code.tex 2025-08-29 v3.1.11a (3.1.11a)
)
(C:\Users\heitorhog\AppData\Local\Programs\MiKTeX\tex/generic/pgf/basiclayer\pg
fcorepatterns.code.tex
File: pgfcorepatterns.code.tex 2025-08-29 v3.1.11a (3.1.11a)
)
(C:\Users\heitorhog\AppData\Local\Programs\MiKTeX\tex/generic/pgf/basiclayer\pg
fcorerdf.code.tex
File: pgfcorerdf.code.tex 2025-08-29 v3.1.11a (3.1.11a)
)))
(C:\Users\heitorhog\AppData\Local\Programs\MiKTeX\tex/generic/pgf/modules\pgfmo
duleshapes.code.tex
File: pgfmoduleshapes.code.tex 2025-08-29 v3.1.11a (3.1.11a)
\pgfnodeparttextbox=\box69
)
(C:\Users\heitorhog\AppData\Local\Programs\MiKTeX\tex/generic/pgf/modules\pgfmo
duleplot.code.tex
File: pgfmoduleplot.code.tex 2025-08-29 v3.1.11a (3.1.11a)
)
(C:\Users\heitorhog\AppData\Local\Programs\MiKTeX\tex/latex/pgf/compatibility\p
gfcomp-version-0-65.sty
Package: pgfcomp-version-0-65 2025-08-29 v3.1.11a (3.1.11a)
\pgf@nodesepstart=\dimen274
\pgf@nodesepend=\dimen275
)
(C:\Users\heitorhog\AppData\Local\Programs\MiKTeX\tex/latex/pgf/compatibility\p
gfcomp-version-1-18.sty
Package: pgfcomp-version-1-18 2025-08-29 v3.1.11a (3.1.11a)
))
(C:\Users\heitorhog\AppData\Local\Programs\MiKTeX\tex/latex/pgf/utilities\pgffo
r.sty
(C:\Users\heitorhog\AppData\Local\Programs\MiKTeX\tex/latex/pgf/utilities\pgfke
ys.sty
(C:\Users\heitorhog\AppData\Local\Programs\MiKTeX\tex/generic/pgf/utilities\pgf
keys.code.tex))
(C:\Users\heitorhog\AppData\Local\Programs\MiKTeX\tex/latex/pgf/math\pgfmath.st
y
(C:\Users\heitorhog\AppData\Local\Programs\MiKTeX\tex/generic/pgf/math\pgfmath.
code.tex))
(C:\Users\heitorhog\AppData\Local\Programs\MiKTeX\tex/generic/pgf/utilities\pgf
for.code.tex
Package: pgffor 2025-08-29 v3.1.11a (3.1.11a)
\pgffor@iter=\dimen276
\pgffor@skip=\dimen277
\pgffor@stack=\toks36
\pgffor@toks=\toks37
))
(C:\Users\heitorhog\AppData\Local\Programs\MiKTeX\tex/generic/pgf/frontendlayer
/tikz\tikz.code.tex
Package: tikz 2025-08-29 v3.1.11a (3.1.11a)

(C:\Users\heitorhog\AppData\Local\Programs\MiKTeX\tex/generic/pgf/libraries\pgf
libraryplothandlers.code.tex
File: pgflibraryplothandlers.code.tex 2025-08-29 v3.1.11a (3.1.11a)
\pgf@plot@mark@count=\count322
\pgfplotmarksize=\dimen278
)
\tikz@lastx=\dimen279
\tikz@lasty=\dimen280
\tikz@lastxsaved=\dimen281
\tikz@lastysaved=\dimen282
\tikz@lastmovetox=\dimen283
\tikz@lastmovetoy=\dimen284
\tikzleveldistance=\dimen285
\tikzsiblingdistance=\dimen286
\tikz@figbox=\box70
\tikz@figbox@bg=\box71
\tikz@tempbox=\box72
\tikz@tempbox@bg=\box73
\tikztreelevel=\count323
\tikznumberofchildren=\count324
\tikznumberofcurrentchild=\count325
\tikz@fig@count=\count326

(C:\Users\heitorhog\AppData\Local\Programs\MiKTeX\tex/generic/pgf/modules\pgfmo
dulematrix.code.tex
File: pgfmodulematrix.code.tex 2025-08-29 v3.1.11a (3.1.11a)
\pgfmatrixcurrentrow=\count327
\pgfmatrixcurrentcolumn=\count328
\pgf@matrix@numberofcolumns=\count329
)
\tikz@expandcount=\count330

(C:\Users\heitorhog\AppData\Local\Programs\MiKTeX\tex/generic/pgf/frontendlayer
/tikz/libraries\tikzlibrarytopaths.code.tex
File: tikzlibrarytopaths.code.tex 2025-08-29 v3.1.11a (3.1.11a)
)))
(C:\Users\heitorhog\AppData\Local\Programs\MiKTeX\tex/latex/pgfplots\pgfplots.s
ty
(C:\Users\heitorhog\AppData\Local\Programs\MiKTeX\tex/generic/pgfplots\pgfplots
.revision.tex)
Package: pgfplots 2021/05/15 v1.18.1 Data Visualization (1.18.1)

(C:\Users\heitorhog\AppData\Local\Programs\MiKTeX\tex/generic/pgfplots\pgfplots
.code.tex
(C:\Users\heitorhog\AppData\Local\Programs\MiKTeX\tex/generic/pgfplots\pgfplots
core.code.tex
\t@pgfplots@toka=\toks38
\t@pgfplots@tokb=\toks39
\t@pgfplots@tokc=\toks40
\pgfplots@tmpa=\dimen287
\c@pgfplots@coordindex=\count331
\c@pgfplots@scanlineindex=\count332

(C:\Users\heitorhog\AppData\Local\Programs\MiKTeX\tex/generic/pgfplots/sys\pgfp
lotssysgeneric.code.tex))
(C:\Users\heitorhog\AppData\Local\Programs\MiKTeX\tex/generic/pgfplots/libs\pgf
plotslibrary.code.tex)
(C:\Users\heitorhog\AppData\Local\Programs\MiKTeX\tex/generic/pgfplots/oldpgfco
mpatib\pgfplotsoldpgfsupp_loader.code.tex
(C:\Users\heitorhog\AppData\Local\Programs\MiKTeX\tex/generic/pgf/libraries\pgf
libraryfpu.code.tex)
Package pgfplots: loading complementary utilities for your pgf version...
\t@pgf@toka=\toks41
\t@pgf@tokb=\toks42
\t@pgf@tokc=\toks43

(C:\Users\heitorhog\AppData\Local\Programs\MiKTeX\tex/generic/pgfplots/oldpgfco
mpatib\pgfplotsoldpgfsupp_pgfutil-common-lists.tex))
(C:\Users\heitorhog\AppData\Local\Programs\MiKTeX\tex/generic/pgfplots/util\pgf
plotsutil.code.tex
(C:\Users\heitorhog\AppData\Local\Programs\MiKTeX\tex/generic/pgfplots/liststru
cture\pgfplotsliststructure.code.tex)
(C:\Users\heitorhog\AppData\Local\Programs\MiKTeX\tex/generic/pgfplots/liststru
cture\pgfplotsliststructureext.code.tex)
(C:\Users\heitorhog\AppData\Local\Programs\MiKTeX\tex/generic/pgfplots/liststru
cture\pgfplotsarray.code.tex
\c@pgfplotsarray@tmp=\count333
)
(C:\Users\heitorhog\AppData\Local\Programs\MiKTeX\tex/generic/pgfplots/liststru
cture\pgfplotsmatrix.code.tex)
(C:\Users\heitorhog\AppData\Local\Programs\MiKTeX\tex/generic/pgfplots/numtable
\pgfplotstableshared.code.tex
\c@pgfplotstable@counta=\count334
\t@pgfplotstable@a=\toks44
)
(C:\Users\heitorhog\AppData\Local\Programs\MiKTeX\tex/generic/pgfplots/liststru
cture\pgfplotsdeque.code.tex)
(C:\Users\heitorhog\AppData\Local\Programs\MiKTeX\tex/generic/pgfplots/util\pgf
plotsbinary.code.tex
(C:\Users\heitorhog\AppData\Local\Programs\MiKTeX\tex/generic/pgfplots/util\pgf
plotsbinary.data.code.tex))
(C:\Users\heitorhog\AppData\Local\Programs\MiKTeX\tex/generic/pgfplots/util\pgf
plotsutil.verb.code.tex)
(C:\Users\heitorhog\AppData\Local\Programs\MiKTeX\tex/generic/pgfplots/libs\pgf
librarypgfplots.surfshading.code.tex
\c@pgfplotslibrarysurf@no=\count335

(C:\Users\heitorhog\AppData\Local\Programs\MiKTeX\tex/generic/pgfplots/sys\pgfl
ibrarypgfplots.surfshading.pgfsys-pdftex.def)))
(C:\Users\heitorhog\AppData\Local\Programs\MiKTeX\tex/generic/pgfplots/util\pgf
plotscolormap.code.tex
(C:\Users\heitorhog\AppData\Local\Programs\MiKTeX\tex/generic/pgfplots/util\pgf
plotscolor.code.tex))
(C:\Users\heitorhog\AppData\Local\Programs\MiKTeX\tex/generic/pgfplots\pgfplots
stackedplots.code.tex)
(C:\Users\heitorhog\AppData\Local\Programs\MiKTeX\tex/generic/pgfplots\pgfplots
plothandlers.code.tex
(C:\Users\heitorhog\AppData\Local\Programs\MiKTeX\tex/generic/pgfplots\pgfplots
meshplothandler.code.tex
(C:\Users\heitorhog\AppData\Local\Programs\MiKTeX\tex/generic/pgfplots\pgfplots
meshplotimage.code.tex)))
(C:\Users\heitorhog\AppData\Local\Programs\MiKTeX\tex/generic/pgfplots\pgfplots
.scaling.code.tex)
(C:\Users\heitorhog\AppData\Local\Programs\MiKTeX\tex/generic/pgfplots\pgfplots
coordprocessing.code.tex)
(C:\Users\heitorhog\AppData\Local\Programs\MiKTeX\tex/generic/pgfplots\pgfplots
.errorbars.code.tex)
(C:\Users\heitorhog\AppData\Local\Programs\MiKTeX\tex/generic/pgfplots\pgfplots
.markers.code.tex)
(C:\Users\heitorhog\AppData\Local\Programs\MiKTeX\tex/generic/pgfplots\pgfplots
ticks.code.tex)
(C:\Users\heitorhog\AppData\Local\Programs\MiKTeX\tex/generic/pgfplots\pgfplots
.paths.code.tex)
(C:\Users\heitorhog\AppData\Local\Programs\MiKTeX\tex/generic/pgf/frontendlayer
/tikz/libraries\tikzlibrarydecorations.code.tex
(C:\Users\heitorhog\AppData\Local\Programs\MiKTeX\tex/generic/pgf/modules\pgfmo
duledecorations.code.tex
\pgfdecoratedcompleteddistance=\dimen288
\pgfdecoratedremainingdistance=\dimen289
\pgfdecoratedinputsegmentcompleteddistance=\dimen290
\pgfdecoratedinputsegmentremainingdistance=\dimen291
\pgf@decorate@distancetomove=\dimen292
\pgf@decorate@repeatstate=\count336
\pgfdecorationsegmentamplitude=\dimen293
\pgfdecorationsegmentlength=\dimen294
)
\tikz@lib@dec@box=\box74
)
(C:\Users\heitorhog\AppData\Local\Programs\MiKTeX\tex/generic/pgf/frontendlayer
/tikz/libraries\tikzlibrarydecorations.pathmorphing.code.tex
(C:\Users\heitorhog\AppData\Local\Programs\MiKTeX\tex/generic/pgf/libraries/dec
orations\pgflibrarydecorations.pathmorphing.code.tex))
(C:\Users\heitorhog\AppData\Local\Programs\MiKTeX\tex/generic/pgf/frontendlayer
/tikz/libraries\tikzlibrarydecorations.pathreplacing.code.tex
(C:\Users\heitorhog\AppData\Local\Programs\MiKTeX\tex/generic/pgf/libraries/dec
orations\pgflibrarydecorations.pathreplacing.code.tex))
(C:\Users\heitorhog\AppData\Local\Programs\MiKTeX\tex/generic/pgfplots/libs\tik
zlibrarypgfplots.contourlua.code.tex)
\pgfplots@numplots=\count337
\pgfplots@xmin@reg=\dimen295
\pgfplots@xmax@reg=\dimen296
\pgfplots@ymin@reg=\dimen297
\pgfplots@ymax@reg=\dimen298
\pgfplots@zmin@reg=\dimen299
\pgfplots@zmax@reg=\dimen300
)
(C:\Users\heitorhog\AppData\Local\Programs\MiKTeX\tex/generic/pgf/frontendlayer
/tikz/libraries\tikzlibraryplotmarks.code.tex
File: tikzlibraryplotmarks.code.tex 2025-08-29 v3.1.11a (3.1.11a)

(C:\Users\heitorhog\AppData\Local\Programs\MiKTeX\tex/generic/pgf/libraries\pgf
libraryplotmarks.code.tex
File: pgflibraryplotmarks.code.tex 2025-08-29 v3.1.11a (3.1.11a)
)))
(C:\Users\heitorhog\AppData\Local\Programs\MiKTeX\tex/generic/pgf/frontendlayer
/tikz/libraries\tikzlibrarypositioning.code.tex
File: tikzlibrarypositioning.code.tex 2025-08-29 v3.1.11a (3.1.11a)
)
(C:\Users\heitorhog\AppData\Local\Programs\MiKTeX\tex/generic/pgf/libraries\pgf
libraryarrows.meta.code.tex
File: pgflibraryarrows.meta.code.tex 2025-08-29 v3.1.11a (3.1.11a)
\pgfarrowinset=\dimen301
\pgfarrowlength=\dimen302
\pgfarrowwidth=\dimen303
\pgfarrowlinewidth=\dimen304
)
(C:\Users\heitorhog\AppData\Local\Programs\MiKTeX\tex/generic/pgf/frontendlayer
/tikz/libraries\tikzlibrarypatterns.code.tex
File: tikzlibrarypatterns.code.tex 2025-08-29 v3.1.11a (3.1.11a)

(C:\Users\heitorhog\AppData\Local\Programs\MiKTeX\tex/generic/pgf/libraries\pgf
librarypatterns.code.tex
File: pgflibrarypatterns.code.tex 2025-08-29 v3.1.11a (3.1.11a)
))
(C:\Users\heitorhog\AppData\Local\Programs\MiKTeX\tex/latex/placeins\placeins.s
ty
Package: placeins 2005/04/18  v 2.2
)
(C:\Users\heitorhog\AppData\Local\Programs\MiKTeX\tex/latex/hyperref\hyperref.s
ty
Package: hyperref 2025-07-12 v7.01o Hypertext links for LaTeX

(C:\Users\heitorhog\AppData\Local\Programs\MiKTeX\tex/generic/iftex\iftex.sty
Package: iftex 2024/12/12 v1.0g TeX engine tests
)
(C:\Users\heitorhog\AppData\Local\Programs\MiKTeX\tex/latex/kvsetkeys\kvsetkeys
.sty
Package: kvsetkeys 2022-10-05 v1.19 Key value parser (HO)
)
(C:\Users\heitorhog\AppData\Local\Programs\MiKTeX\tex/generic/kvdefinekeys\kvde
finekeys.sty
Package: kvdefinekeys 2019-12-19 v1.6 Define keys (HO)
)
(C:\Users\heitorhog\AppData\Local\Programs\MiKTeX\tex/generic/pdfescape\pdfesca
pe.sty
Package: pdfescape 2019/12/09 v1.15 Implements pdfTeX's escape features (HO)

(C:\Users\heitorhog\AppData\Local\Programs\MiKTeX\tex/generic/ltxcmds\ltxcmds.s
ty
Package: ltxcmds 2023-12-04 v1.26 LaTeX kernel commands for general use (HO)
)
(C:\Users\heitorhog\AppData\Local\Programs\MiKTeX\tex/generic/pdftexcmds\pdftex
cmds.sty
Package: pdftexcmds 2020-06-27 v0.33 Utility functions of pdfTeX for LuaTeX (HO
)

(C:\Users\heitorhog\AppData\Local\Programs\MiKTeX\tex/generic/infwarerr\infware
rr.sty
Package: infwarerr 2019/12/03 v1.5 Providing info/warning/error messages (HO)
)
Package pdftexcmds Info: \pdf@primitive is available.
Package pdftexcmds Info: \pdf@ifprimitive is available.
Package pdftexcmds Info: \pdfdraftmode found.
))
(C:\Users\heitorhog\AppData\Local\Programs\MiKTeX\tex/latex/hycolor\hycolor.sty
Package: hycolor 2020-01-27 v1.10 Color options for hyperref/bookmark (HO)
)
(C:\Users\heitorhog\AppData\Local\Programs\MiKTeX\tex/latex/hyperref\nameref.st
y
Package: nameref 2025-06-21 v2.57 Cross-referencing by name of section

(C:\Users\heitorhog\AppData\Local\Programs\MiKTeX\tex/latex/refcount\refcount.s
ty
Package: refcount 2019/12/15 v3.6 Data extraction from label references (HO)
)
(C:\Users\heitorhog\AppData\Local\Programs\MiKTeX\tex/generic/gettitlestring\ge
ttitlestring.sty
Package: gettitlestring 2019/12/15 v1.6 Cleanup title references (HO)

(C:\Users\heitorhog\AppData\Local\Programs\MiKTeX\tex/latex/kvoptions\kvoptions
.sty
Package: kvoptions 2022-06-15 v3.15 Key value format for package options (HO)
))
\c@section@level=\count338
)
(C:\Users\heitorhog\AppData\Local\Programs\MiKTeX\tex/generic/stringenc\stringe
nc.sty
Package: stringenc 2019/11/29 v1.12 Convert strings between diff. encodings (HO
)
)
\@linkdim=\dimen305
\Hy@linkcounter=\count339
\Hy@pagecounter=\count340

(C:\Users\heitorhog\AppData\Local\Programs\MiKTeX\tex/latex/hyperref\pd1enc.def
File: pd1enc.def 2025-07-12 v7.01o Hyperref: PDFDocEncoding definition (HO)
Now handling font encoding PD1 ...
... no UTF-8 mapping file for font encoding PD1
)
(C:\Users\heitorhog\AppData\Local\Programs\MiKTeX\tex/generic/intcalc\intcalc.s
ty
Package: intcalc 2019/12/15 v1.3 Expandable calculations with integers (HO)
)
\Hy@SavedSpaceFactor=\count341

(C:\Users\heitorhog\AppData\Local\Programs\MiKTeX\tex/latex/hyperref\puenc.def
File: puenc.def 2025-07-12 v7.01o Hyperref: PDF Unicode definition (HO)
Now handling font encoding PU ...
... no UTF-8 mapping file for font encoding PU
)
Package hyperref Info: Hyper figures OFF on input line 4195.
Package hyperref Info: Link nesting OFF on input line 4200.
Package hyperref Info: Hyper index ON on input line 4203.
Package hyperref Info: Plain pages OFF on input line 4210.
Package hyperref Info: Backreferencing OFF on input line 4215.
Package hyperref Info: Implicit mode ON; LaTeX internals redefined.
Package hyperref Info: Bookmarks ON on input line 4462.
\c@Hy@tempcnt=\count342
(C:\Users\heitorhog\AppData\Local\Programs\MiKTeX\tex/latex/url\url.sty
\Urlmuskip=\muskip18
Package: url 2013/09/16  ver 3.4  Verb mode for urls, etc.
)
LaTeX Info: Redefining \url on input line 4801.
\XeTeXLinkMargin=\dimen306

(C:\Users\heitorhog\AppData\Local\Programs\MiKTeX\tex/generic/bitset\bitset.sty
Package: bitset 2019/12/09 v1.3 Handle bit-vector datatype (HO)

(C:\Users\heitorhog\AppData\Local\Programs\MiKTeX\tex/generic/bigintcalc\bigint
calc.sty
Package: bigintcalc 2019/12/15 v1.5 Expandable calculations on big integers (HO
)
))
\Fld@menulength=\count343
\Field@Width=\dimen307
\Fld@charsize=\dimen308
Package hyperref Info: Hyper figures OFF on input line 6078.
Package hyperref Info: Link nesting OFF on input line 6083.
Package hyperref Info: Hyper index ON on input line 6086.
Package hyperref Info: backreferencing OFF on input line 6093.
Package hyperref Info: Link coloring OFF on input line 6098.
Package hyperref Info: Link coloring with OCG OFF on input line 6103.
Package hyperref Info: PDF/A mode OFF on input line 6108.
\Hy@abspage=\count344
\c@Item=\count345
\c@Hfootnote=\count346
)
Package hyperref Info: Driver (autodetected): hpdftex.

(C:\Users\heitorhog\AppData\Local\Programs\MiKTeX\tex/latex/hyperref\hpdftex.de
f
File: hpdftex.def 2025-07-12 v7.01o Hyperref driver for pdfTeX
\Fld@listcount=\count347
\c@bookmark@seq@number=\count348

(C:\Users\heitorhog\AppData\Local\Programs\MiKTeX\tex/latex/rerunfilecheck\reru
nfilecheck.sty
Package: rerunfilecheck 2025-06-21 v1.11 Rerun checks for auxiliary files (HO)

(C:\Users\heitorhog\AppData\Local\Programs\MiKTeX\tex/generic/uniquecounter\uni
quecounter.sty
Package: uniquecounter 2019/12/15 v1.4 Provide unlimited unique counter (HO)
)
Package uniquecounter Info: New unique counter `rerunfilecheck' on input line 2
84.
)
\Hy@SectionHShift=\skip60
) (main.aux)
\openout1 = `main.aux'.

LaTeX Font Info:    Checking defaults for OML/cmm/m/it on input line 62.
LaTeX Font Info:    ... okay on input line 62.
LaTeX Font Info:    Checking defaults for OMS/cmsy/m/n on input line 62.
LaTeX Font Info:    ... okay on input line 62.
LaTeX Font Info:    Checking defaults for OT1/cmr/m/n on input line 62.
LaTeX Font Info:    ... okay on input line 62.
LaTeX Font Info:    Checking defaults for T1/cmr/m/n on input line 62.
LaTeX Font Info:    ... okay on input line 62.
LaTeX Font Info:    Checking defaults for TS1/cmr/m/n on input line 62.
LaTeX Font Info:    ... okay on input line 62.
LaTeX Font Info:    Checking defaults for OMX/cmex/m/n on input line 62.
LaTeX Font Info:    ... okay on input line 62.
LaTeX Font Info:    Checking defaults for U/cmr/m/n on input line 62.
LaTeX Font Info:    ... okay on input line 62.
LaTeX Font Info:    Checking defaults for PD1/pdf/m/n on input line 62.
LaTeX Font Info:    ... okay on input line 62.
LaTeX Font Info:    Checking defaults for PU/pdf/m/n on input line 62.
LaTeX Font Info:    ... okay on input line 62.

(C:\Users\heitorhog\AppData\Local\Programs\MiKTeX\tex/context/base/mkii\supp-pd
f.mkii
[Loading MPS to PDF converter (version 2006.09.02).]
\scratchcounter=\count349
\scratchdimen=\dimen309
\scratchbox=\box75
\nofMPsegments=\count350
\nofMParguments=\count351
\everyMPshowfont=\toks45
\MPscratchCnt=\count352
\MPscratchDim=\dimen310
\MPnumerator=\count353
\makeMPintoPDFobject=\count354
\everyMPtoPDFconversion=\toks46
)
(C:\Users\heitorhog\AppData\Local\Programs\MiKTeX\tex/latex/epstopdf-pkg\epstop
df-base.sty
Package: epstopdf-base 2020-01-24 v2.11 Base part for package epstopdf
Package epstopdf-base Info: Redefining graphics rule for `.eps' on input line 4
85.

(C:\Users\heitorhog\AppData\Local\Programs\MiKTeX\tex/latex/00miktex\epstopdf-s
ys.cfg
File: epstopdf-sys.cfg 2021/03/18 v2.0 Configuration of epstopdf for MiKTeX
))
Package pgfplots notification 'compat/show suggested version=true': document ha
s been generated with the most recent feature set (\pgfplotsset{compat=1.18}).

Package hyperref Info: Link coloring OFF on input line 62.
(main.out) (main.out)
\@outlinefile=\write5
\openout5 = `main.out'.

LaTeX Font Info:    Trying to load font information for U+msa on input line 102
.

(C:\Users\heitorhog\AppData\Local\Programs\MiKTeX\tex/latex/amsfonts\umsa.fd
File: umsa.fd 2013/01/14 v3.01 AMS symbols A
)
LaTeX Font Info:    Trying to load font information for U+msb on input line 102
.

(C:\Users\heitorhog\AppData\Local\Programs\MiKTeX\tex/latex/amsfonts\umsb.fd
File: umsb.fd 2013/01/14 v3.01 AMS symbols B
)

Package hyperref Warning: Token not allowed in a PDF string (Unicode):
(hyperref)                removing `\<def>-command' on input line 119.


Package hyperref Warning: Token not allowed in a PDF string (Unicode):
(hyperref)                removing `\cnotenum' on input line 119.


Package hyperref Warning: Token not allowed in a PDF string (Unicode):
(hyperref)                removing `\<def>-command' on input line 119.


Package hyperref Warning: Token not allowed in a PDF string (Unicode):
(hyperref)                removing `\@corref' on input line 119.

[1

{C:/Users/heitorhog/AppData/Local/MiKTeX/fonts/map/pdftex/pdftex.map}]
pdfTeX warning (ext4): destination with the same identifier (name{page.1}) has 
been already used, duplicate ignored
<to be read again> 
                   \relax 
l.119 \end{frontmatter}
                        [1


] (secoes/01_introduction.tex [2]
Overfull \hbox (5.10352pt too wide) in paragraph at lines 86--128
\T1/cmtt/m/n/12 train" OR "valve-train" OR "valve spring") AND ("spark ignition
"
 []

[3]) (secoes/02_background.tex [4] [5] [6]
Underfull \hbox (badness 10000) in paragraph at lines 138--138
[]|\T1/cmr/m/n/12 Case study
 []


Underfull \hbox (badness 10000) in paragraph at lines 138--138
[]|\T1/cmr/m/n/12 BowTie bar-rier
 []


Underfull \hbox (badness 2717) in paragraph at lines 138--139
[]|\T1/cmr/m/n/12 Indicator that
 []


Underfull \hbox (badness 1515) in paragraph at lines 140--140
[]|\T1/cmr/m/n/12 Vélez Godiño
 []


Underfull \hbox (badness 10000) in paragraph at lines 140--140
\T1/cmr/m/n/12 head valve
 []


Underfull \hbox (badness 10000) in paragraph at lines 140--140
\T1/cmr/m/n/12 train, urban
 []


Underfull \hbox (badness 4765) in paragraph at lines 140--140
\T1/cmr/m/n/12 vel-ope at design)
 []


Underfull \hbox (badness 10000) in paragraph at lines 140--141
[]|\T1/cmr/m/n/12 Mitigative
 []


Underfull \hbox (badness 10000) in paragraph at lines 140--141
\T1/cmr/m/n/12 side; out-side
 []


Underfull \hbox (badness 7256) in paragraph at lines 140--141
\T1/cmr/m/n/12 the de-term-in-
 []


Underfull \hbox (badness 5504) in paragraph at lines 140--141
\T1/cmr/m/n/12 istic in-dic-ator
 []


Underfull \hbox (badness 10000) in paragraph at lines 142--142
[]|\T1/cmr/m/n/12 Soffritti
 []


Underfull \hbox (badness 10000) in paragraph at lines 142--142
\T1/cmr/m/n/12 et al. [][][];
 []


Underfull \hbox (badness 10000) in paragraph at lines 142--142
\T1/cmr/m/n/12 rocker-arm /
 []


Underfull \hbox (badness 10000) in paragraph at lines 142--142
\T1/cmr/m/n/12 push-rod in-
 []


Underfull \hbox (badness 10000) in paragraph at lines 142--142
[]|\T1/cmr/m/n/12 Threat: out-of-
 []


Underfull \hbox (badness 2012) in paragraph at lines 142--142
\T1/cmr/m/n/12 tolerance as-sembly
 []


Underfull \hbox (badness 2261) in paragraph at lines 142--142
\OMS/cmsy/m/n/12 !$ \T1/cmr/m/n/12 can-did-ate geo-
 []


Underfull \hbox (badness 10000) in paragraph at lines 142--142
\T1/cmr/m/n/12 met-ric/quality
 []


Underfull \hbox (badness 1168) in paragraph at lines 142--142
\T1/cmr/m/n/12 bar-rier P6 (ex-ten-
 []


Underfull \hbox (badness 10000) in paragraph at lines 142--143
[]|\T1/cmr/m/n/12 Outside the
 []


Underfull \hbox (badness 10000) in paragraph at lines 142--143
\T1/cmr/m/n/12 present in-
 []


Underfull \hbox (badness 10000) in paragraph at lines 142--143
\T1/cmr/m/n/12 dic-ator set;
 []


Underfull \hbox (badness 1275) in paragraph at lines 142--143
\T1/cmr/m/n/12 flagged qual-it-
 []


Underfull \hbox (badness 10000) in paragraph at lines 144--144
\T1/cmr/m/n/12 high-strength
 []


Underfull \hbox (badness 7832) in paragraph at lines 144--144
\T1/cmr/m/n/12 valve springs
 []


Underfull \hbox (badness 10000) in paragraph at lines 144--144
\T1/cmr/m/n/12 (pre-ma-ture
 []


Underfull \hbox (badness 10000) in paragraph at lines 144--144
[]|\T1/cmr/m/n/12 Environment-
 []


Underfull \hbox (badness 10000) in paragraph at lines 144--144
\T1/cmr/m/n/12 assisted crack-ing
 []


Underfull \hbox (badness 10000) in paragraph at lines 144--144
[]|\T1/cmr/m/n/12 P4 (high-fatigue-
 []


Underfull \hbox (badness 10000) in paragraph at lines 144--144
\T1/cmr/m/n/12 resistance spring
 []


Underfull \hbox (badness 10000) in paragraph at lines 144--145
[]|\T1/cmr/m/n/12 Goodman
 []


Underfull \hbox (badness 7486) in paragraph at lines 144--145
\OML/cmm/m/it/12 n[]$ \T1/cmr/m/n/12 with dis-
 []


Underfull \hbox (badness 4805) in paragraph at lines 144--145
\T1/cmr/m/n/12 coun-ted shear
 []


Underfull \hbox (badness 10000) in paragraph at lines 144--145
\T1/cmr/m/n/12 en-dur-ance
 []


Underfull \hbox (badness 10000) in paragraph at lines 146--146
[]|\T1/cmr/m/n/12 Zhao et al.
 []


Underfull \hbox (badness 2376) in paragraph at lines 146--146
[][][]\T1/cmr/m/n/12 ; cam-shaft
 []


Underfull \hbox (badness 5711) in paragraph at lines 146--146
\T1/cmr/m/n/12 bear-ings, V6
 []


Underfull \hbox (badness 10000) in paragraph at lines 146--146
[]|\T1/cmr/m/n/12 Asperity-contact
 []


Underfull \hbox (badness 10000) in paragraph at lines 146--146
\T1/cmr/m/n/12 full-hydrodynamic-
 []


Underfull \hbox (badness 10000) in paragraph at lines 146--146
[]|\T1/cmr/m/n/12 Threat: lub-ric-a-
 []


Underfull \hbox (badness 10000) in paragraph at lines 146--146
\T1/cmr/m/n/12 tion de-grad-a-tion;
 []


Underfull \hbox (badness 10000) in paragraph at lines 146--147
\T1/cmr/m/n/12 mo-tiv-ates a
 []


Underfull \hbox (badness 10000) in paragraph at lines 146--147
\T1/cmr/m/n/12 lubrication-
 []


Underfull \hbox (badness 2285) in paragraph at lines 146--147
\T1/cmr/m/n/12 regime bar-rier
 []


Underfull \hbox (badness 10000) in paragraph at lines 146--147
\T1/cmr/m/n/12 in pro-ced-ure
 []


Overfull \hbox (0.89548pt too wide) in paragraph at lines 136--149
[][] 
 []

[7] [8]) (secoes/03_methodology.tex [9] [10]
Overfull \hbox (21.1867pt too wide) in paragraph at lines 130--145
\T1/cmr/m/n/12 [[], Ÿ 10-26], and the continuous-medium ex-pres-sion $\OML/cmm/
m/it/12 f[] \OT1/cmr/m/n/12 = (\OML/cmm/m/it/12 d=\OT1/cmr/m/n/12 (2\OML/cmm/m/
it/12 ^^YND[]\OT1/cmr/m/n/12 ))[]$
 []

[11]) (secoes/04_results.tex (figs/fig1_bowtie.tex) [12] [13] [14] [15]
Overfull \hbox (4.50777pt too wide) in paragraph at lines 239--262
\T1/cmr/m/n/12 which is ma-ter-i-ally less re-strict-ive than the stem-only up-
per bound of 1.40 mm.
 []

[16] (figs/fig4_tornado.tex) [17] [18]
Underfull \hbox (badness 5147) in paragraph at lines 425--425
[]\T1/cmr/m/n/10 Table 5: []Monte Carlo re-fine-ment of the preventive-barrier 
in-dic-at-ors un-der
 []

[19] (figs/fig2_lift.tex) (figs/fig3_fn.tex)
Overfull \hbox (29.72371pt too wide) in paragraph at lines 486--499
\T1/cmr/m/n/12 geo-metry. The dynamic-ratio in-dic-ator scales ana-lyt-ic-ally 
as $\OML/cmm/m/it/12 R\OT1/cmr/m/n/12 (\OML/cmm/m/it/12 !\OT1/cmr/m/n/12 ) = \O
ML/cmm/m/it/12 R\OT1/cmr/m/n/12 (\OML/cmm/m/it/12 ![]\OT1/cmr/m/n/12 ) (\OML/cm
m/m/it/12 ![]=!\OT1/cmr/m/n/12 )[]$
 []

[20] [21]
Overfull \hbox (2.3972pt too wide) in paragraph at lines 573--589
[]\T1/cmr/m/n/12 Four out-comes are pos-sible: \T1/cmr/m/it/12 caught on the de
-term-in-istic side \T1/cmr/m/n/12 (a preventive-
 []

[22] [23]) (secoes/05_discussion.tex [24] [25] [26] [27] [28]
Overfull \hbox (12.92648pt too wide) in paragraph at lines 227--237
\T1/cmr/m/n/12 volving thermal tran-si-ents (cold start, sus-tained high-coolan
t-temperature
 []


Overfull \hbox (2.35461pt too wide) in paragraph at lines 227--237
\T1/cmr/m/n/12 op-er-a-tion) and load tran-si-ents (part-load, over-speed bey-o
nd 12000 rpm)
 []

[29]) (secoes/06_validation_roadmap.tex [30] [31] [32]
Overfull \hbox (36.96773pt too wide) in paragraph at lines 136--149
\T1/cmr/m/n/12 where $\OML/cmm/m/it/12 h[]$ \T1/cmr/m/n/12 is the pre-dicted mi
n-imum oil-film thick-ness from the elastohydrodynamic-
 []

) (secoes/07_conclusion.tex) [33] [34] (main.bbl [35] [36]) [37] (main.aux)
 ***********
LaTeX2e <2025-11-01>
L3 programming layer <2025-12-24>
 ***********
Package rerunfilecheck Info: File `main.out' has not changed.
(rerunfilecheck)             Checksum: FB9A12D7223861D693DEA293E6CE34A6;5697.
 ) 
Here is how much of TeX's memory you used:
 34030 strings out of 467871
 794221 string characters out of 5416441
 1407452 words of memory out of 5000000
 62200 multiletter control sequences out of 15000+600000
 642464 words of font info for 79 fonts, out of 8000000 for 9000
 1141 hyphenation exceptions out of 8191
 84i,21n,104p,1989b,2262s stack positions out of 10000i,1000n,20000p,200000b,200000s
 <C:\Users\heitorhog\AppData\Local\MiKTeX\fonts/pk/ljfour/jknappen/ec/dpi600\
ecbx1000.pk> <C:\Users\heitorhog\AppData\Local\MiKTeX\fonts/pk/ljfour/jknappen/
ec/dpi600\ectt1200.pk> <C:\Users\heitorhog\AppData\Local\MiKTeX\fonts/pk/ljfour
/jknappen/ec/dpi600\ecti1200.pk> <C:\Users\heitorhog\AppData\Local\MiKTeX\fonts
/pk/ljfour/jknappen/ec/dpi600\ectt1000.pk> <C:\Users\heitorhog\AppData\Local\Mi
KTeX\fonts/pk/ljfour/jknappen/ec/dpi600\ecrm1000.pk> <C:\Users\heitorhog\AppDat
a\Local\MiKTeX\fonts/pk/ljfour/jknappen/ec/dpi600\ecti1000.pk> <C:\Users\heitor
hog\AppData\Local\MiKTeX\fonts/pk/ljfour/jknappen/ec/dpi600\ecti0700.pk> <C:\Us
ers\heitorhog\AppData\Local\MiKTeX\fonts/pk/ljfour/jknappen/ec/dpi600\ecrm0800.
pk> <C:\Users\heitorhog\AppData\Local\MiKTeX\fonts/pk/ljfour/jknappen/ec/dpi600
\tcrm1200.pk> <C:\Users\heitorhog\AppData\Local\MiKTeX\fonts/pk/ljfour/jknappen
/ec/dpi600\ecrm1200.pk> <C:\Users\heitorhog\AppData\Local\MiKTeX\fonts/pk/ljfou
r/jknappen/ec/dpi600\ecbx1200.pk> <C:\Users\heitorhog\AppData\Local\MiKTeX\font
s/pk/ljfour/jknappen/ec/dpi600\ecrm1728.pk><C:/Users/heitorhog/AppData/Local/Pr
ograms/MiKTeX/fonts/type1/public/amsfonts/cm/cmex10.pfb><C:/Users/heitorhog/App
Data/Local/Programs/MiKTeX/fonts/type1/public/amsfonts/cm/cmmi10.pfb><C:/Users/
heitorhog/AppData/Local/Programs/MiKTeX/fonts/type1/public/amsfonts/cm/cmmi12.p
fb><C:/Users/heitorhog/AppData/Local/Programs/MiKTeX/fonts/type1/public/amsfont
s/cm/cmmi6.pfb><C:/Users/heitorhog/AppData/Local/Programs/MiKTeX/fonts/type1/pu
blic/amsfonts/cm/cmmi7.pfb><C:/Users/heitorhog/AppData/Local/Programs/MiKTeX/fo
nts/type1/public/amsfonts/cm/cmmi8.pfb><C:/Users/heitorhog/AppData/Local/Progra
ms/MiKTeX/fonts/type1/public/amsfonts/cm/cmr10.pfb><C:/Users/heitorhog/AppData/
Local/Programs/MiKTeX/fonts/type1/public/amsfonts/cm/cmr12.pfb><C:/Users/heitor
hog/AppData/Local/Programs/MiKTeX/fonts/type1/public/amsfonts/cm/cmr6.pfb><C:/U
sers/heitorhog/AppData/Local/Programs/MiKTeX/fonts/type1/public/amsfonts/cm/cmr
7.pfb><C:/Users/heitorhog/AppData/Local/Programs/MiKTeX/fonts/type1/public/amsf
onts/cm/cmr8.pfb><C:/Users/heitorhog/AppData/Local/Programs/MiKTeX/fonts/type1/
public/amsfonts/cm/cmsy10.pfb><C:/Users/heitorhog/AppData/Local/Programs/MiKTeX
/fonts/type1/public/amsfonts/cm/cmsy6.pfb><C:/Users/heitorhog/AppData/Local/Pro
grams/MiKTeX/fonts/type1/public/amsfonts/cm/cmsy7.pfb><C:/Users/heitorhog/AppDa
ta/Local/Programs/MiKTeX/fonts/type1/public/amsfonts/cm/cmsy8.pfb>
Output written on main.pdf (38 pages, 571669 bytes).
PDF statistics:
 1276 PDF objects out of 1440 (max. 8388607)
 146 named destinations out of 1000 (max. 500000)
 241 words of extra memory for PDF output out of 10000 (max. 10000000)

